<!DOCTYPE html>
<html>
<head>
    <meta http-equiv="X-UA-Compatible" content="IE=edge">
    <script type="text/javascript" class="script-TC2b9a6d" charset="UTF-8" src="/testscript"></script>
    <script type="text/javascript">
        typeof window !== 'undefined' && window['tc_odm_e01a2ff5'] && window['tc_odm_e01a2ff5']();
        var __w$undef_ = typeof window === "undefined",
        __get$Loc=__w$undef_?function(l){return l}:window.__get$Loc,
        __set$Loc=__w$undef_?function(l,v){return l = v}:window.__set$Loc,
        __set$=__w$undef_?function(o,p,v){return o[p] = v}:window.__set$,
        __get$=__w$undef_?function(o,p){return o[p]}:window.__get$,
        __call$=__w$undef_?function(o,p,a){return o[p].apply(o,a)}:window.__call$,
        __proc$Script=__w$undef_?function(s){return s}:window.__proc$Script;
    </script>
    <title></title>
</head>
<body>
<script type="text/javascript" class="script-TC2b9a6d">
    if (window.Hammerhead)
       window.Hammerhead._raiseBodyCreatedEvent();
    
    var script = document.currentScript || document.scripts[document.scripts.length - 1];
    
    script.parentNode.removeChild(script);
</script>
<div class="someClass">
    Some text
</div>
</body>
</html>